// Jest Snapshot v1, https://goo.gl/fbAQLP

exports[`LogCardLink mount snapshot 1`] = `
<a
  class="log-card-link"
  tags="hoge"
>
  <div
    class="log-card-link__wrap"
  >
    <log-title-stub
      class="log-card-link__wrap__title"
      title="title"
    />
     
    <app-date-stub
      class="log-card-link__wrap__date"
      datetime="2019-10-07"
    />
     
    <log-description-stub
      class="log-card-link__wrap__description"
      text=""
    />
  </div>
</a>
`;
